// Jest Snapshot v1, https://goo.gl/fbAQLP

exports[`Form component renders Form 1`] = `
<form
  className="Form"
  onSubmit={[Function]}
>
  <input
    name="url"
    onChange={[Function]}
    placeholder="URL"
    type="text"
    value="url"
  />
  <section>
    <RadioButton
      key="GET"
      onOptionChange={[Function]}
      selectedOption="GET"
      value="GET"
    />
    <RadioButton
      key="POST"
      onOptionChange={[Function]}
      selectedOption="GET"
      value="POST"
    />
    <RadioButton
      key="PUT"
      onOptionChange={[Function]}
      selectedOption="GET"
      value="PUT"
    />
    <RadioButton
      key="PATCH"
      onOptionChange={[Function]}
      selectedOption="GET"
      value="PATCH"
    />
    <RadioButton
      key="DELETE"
      onOptionChange={[Function]}
      selectedOption="GET"
      value="DELETE"
    />
    <button
      type="submit"
    >
      Fetch
    </button>
  </section>
  <section
    className="Json"
  >
    <textarea
      cols="30"
      name="json"
      onChange={[Function]}
      placeholder="Raw JSON body"
      rows="10"
      value="url"
    />
    <div
      className="Headers"
    >
      <h3>
        Basic Authorization
      </h3>
      <span>
        Username: 
      </span>
      <input
        name="username"
        onChange={[Function]}
        placeholder="Username"
        type="text"
      />
      <span>
        Password: 
      </span>
      <input
        name="password"
        onChange={[Function]}
        placeholder="Password"
        type="text"
      />
      <span>
        Bearer Token: 
      </span>
      <input
        name="bearerToken"
        onChange={[Function]}
        placeholder="Bearer Token"
        type="text"
      />
    </div>
  </section>
</form>
`;
